2025-12-16 09:10:05,267 INFO o.a.j.u.JMeterUtils: Setting Locale to en_EN
2025-12-16 09:10:05,321 INFO o.a.j.JMeter: Loading user properties from: /mnt/c/Program Files/JMeter/apache-jmeter-5.6.3/bin/user.properties
2025-12-16 09:10:05,336 INFO o.a.j.JMeter: Loading system properties from: /mnt/c/Program Files/JMeter/apache-jmeter-5.6.3/bin/system.properties
2025-12-16 09:10:05,346 INFO o.a.j.JMeter: Copyright (c) 1998-2024 The Apache Software Foundation
2025-12-16 09:10:05,346 INFO o.a.j.JMeter: Version 5.6.3
2025-12-16 09:10:05,346 INFO o.a.j.JMeter: java.version=21.0.9
2025-12-16 09:10:05,346 INFO o.a.j.JMeter: java.vm.name=OpenJDK 64-Bit Server VM
2025-12-16 09:10:05,347 INFO o.a.j.JMeter: os.name=Linux
2025-12-16 09:10:05,347 INFO o.a.j.JMeter: os.arch=amd64
2025-12-16 09:10:05,347 INFO o.a.j.JMeter: os.version=6.6.87.2-microsoft-standard-WSL2
2025-12-16 09:10:05,347 INFO o.a.j.JMeter: file.encoding=UTF-8
2025-12-16 09:10:05,347 INFO o.a.j.JMeter: java.awt.headless=null
2025-12-16 09:10:05,347 INFO o.a.j.JMeter: Max memory     =1073741824
2025-12-16 09:10:05,347 INFO o.a.j.JMeter: Available Processors =16
2025-12-16 09:10:05,359 INFO o.a.j.JMeter: Default Locale=English (EN)
2025-12-16 09:10:05,359 INFO o.a.j.JMeter: JMeter  Locale=English (EN)
2025-12-16 09:10:05,360 INFO o.a.j.JMeter: JMeterHome=/mnt/c/Program Files/JMeter/apache-jmeter-5.6.3
2025-12-16 09:10:05,360 INFO o.a.j.JMeter: user.dir  =/home/user/revature/SunniRepo/week7
2025-12-16 09:10:05,360 INFO o.a.j.JMeter: PWD       =/home/user/revature/SunniRepo/week7
2025-12-16 09:10:05,360 INFO o.a.j.JMeter: IP: 127.0.1.1 Name: XPS17 FullName: XPS17.localdomain
