2025-12-17 11:06:25,178 INFO o.a.j.u.JMeterUtils: Setting Locale to en_EN
2025-12-17 11:06:25,202 INFO o.a.j.JMeter: Loading user properties from: C:\Program Files\JMeter\apache-jmeter-5.6.3\bin\user.properties
2025-12-17 11:06:25,203 INFO o.a.j.JMeter: Loading system properties from: C:\Program Files\JMeter\apache-jmeter-5.6.3\bin\system.properties
2025-12-17 11:06:25,212 INFO o.a.j.JMeter: Copyright (c) 1998-2024 The Apache Software Foundation
2025-12-17 11:06:25,212 INFO o.a.j.JMeter: Version 5.6.3
2025-12-17 11:06:25,212 INFO o.a.j.JMeter: java.version=21.0.9
2025-12-17 11:06:25,212 INFO o.a.j.JMeter: java.vm.name=Java HotSpot(TM) 64-Bit Server VM
2025-12-17 11:06:25,212 INFO o.a.j.JMeter: os.name=Windows 11
2025-12-17 11:06:25,212 INFO o.a.j.JMeter: os.arch=amd64
2025-12-17 11:06:25,212 INFO o.a.j.JMeter: os.version=10.0
2025-12-17 11:06:25,212 INFO o.a.j.JMeter: file.encoding=UTF-8
2025-12-17 11:06:25,212 INFO o.a.j.JMeter: java.awt.headless=true
2025-12-17 11:06:25,212 INFO o.a.j.JMeter: Max memory     =1073741824
2025-12-17 11:06:25,212 INFO o.a.j.JMeter: Available Processors =16
2025-12-17 11:06:25,224 INFO o.a.j.JMeter: Default Locale=English (EN)
2025-12-17 11:06:25,224 INFO o.a.j.JMeter: JMeter  Locale=English (EN)
2025-12-17 11:06:25,224 INFO o.a.j.JMeter: JMeterHome=C:\Program Files\JMeter\apache-jmeter-5.6.3
2025-12-17 11:06:25,224 INFO o.a.j.JMeter: user.dir  =D:\Documents\Revature\Training\SunniRepo\week7\wednesday\jmeter_demo
2025-12-17 11:06:25,225 INFO o.a.j.JMeter: PWD       =D:\Documents\Revature\Training\SunniRepo\week7\wednesday\jmeter_demo
2025-12-17 11:06:25,299 INFO o.a.j.JMeter: IP: 10.213.57.150 Name: XPS17 FullName: 10.213.57.150
2025-12-17 11:06:25,342 INFO o.a.j.JMeter: Setting property 'jmeter.reportgenerator.outputdir' to:'D:\Documents\Revature\Training\SunniRepo\week7\wednesday\jmeter_demo\.\html_report'
2025-12-17 11:06:25,347 INFO o.a.j.s.FileServer: Default base='D:\Documents\Revature\Training\SunniRepo\week7\wednesday\jmeter_demo'
2025-12-17 11:06:25,350 INFO o.a.j.s.FileServer: Set new base='D:\Documents\Revature\Training\SunniRepo\week7\wednesday\jmeter_demo'
2025-12-17 11:06:25,726 INFO o.a.j.s.SaveService: Testplan (JMX) version: 2.2. Testlog (JTL) version: 2.2
2025-12-17 11:06:25,776 INFO o.a.j.s.SaveService: Using SaveService properties version 5.0
2025-12-17 11:06:25,780 INFO o.a.j.s.SaveService: Using SaveService properties file encoding UTF-8
2025-12-17 11:06:25,786 INFO o.a.j.s.SaveService: Loading file: First_TP.jmx
2025-12-17 11:06:25,851 INFO o.a.j.p.h.s.HTTPSamplerBase: Parser for text/html is org.apache.jmeter.protocol.http.parser.LagartoBasedHtmlParser
2025-12-17 11:06:25,851 INFO o.a.j.p.h.s.HTTPSamplerBase: Parser for application/xhtml+xml is org.apache.jmeter.protocol.http.parser.LagartoBasedHtmlParser
2025-12-17 11:06:25,851 INFO o.a.j.p.h.s.HTTPSamplerBase: Parser for application/xml is org.apache.jmeter.protocol.http.parser.LagartoBasedHtmlParser
2025-12-17 11:06:25,851 INFO o.a.j.p.h.s.HTTPSamplerBase: Parser for text/xml is org.apache.jmeter.protocol.http.parser.LagartoBasedHtmlParser
2025-12-17 11:06:25,851 INFO o.a.j.p.h.s.HTTPSamplerBase: Parser for text/vnd.wap.wml is org.apache.jmeter.protocol.http.parser.RegexpHTMLParser
2025-12-17 11:06:25,851 INFO o.a.j.p.h.s.HTTPSamplerBase: Parser for text/css is org.apache.jmeter.protocol.http.parser.CssParser
2025-12-17 11:06:25,888 INFO o.a.j.JMeter: Creating summariser <summary>
2025-12-17 11:06:25,895 INFO o.a.j.r.d.ReportGenerator: ReportGenerator will use for Parsing the separator: ','
2025-12-17 11:06:25,896 INFO o.a.j.r.d.ReportGenerator: Will generate report at end of test from  results file: First_Summary_Report.jtl
2025-12-17 11:06:25,896 INFO o.a.j.r.d.ReportGenerator: Reading report generator properties from: C:\Program Files\JMeter\apache-jmeter-5.6.3\bin\reportgenerator.properties
2025-12-17 11:06:25,897 INFO o.a.j.r.d.ReportGenerator: Merging with JMeter properties
2025-12-17 11:06:25,901 INFO o.a.j.r.c.ReportGeneratorConfiguration: Property 'jmeter.reportgenerator.temp_dir' not found, using default value 'temp' instead.
2025-12-17 11:06:25,905 INFO o.a.j.r.c.ReportGeneratorConfiguration: Property 'jmeter.reportgenerator.apdex_per_transaction' not found, using default value 'null' instead.
2025-12-17 11:06:25,905 INFO o.a.j.r.c.ReportGeneratorConfiguration: apdex_per_transaction is empty, not APDEX per transaction customization
2025-12-17 11:06:25,906 INFO o.a.j.r.c.ReportGeneratorConfiguration: Property 'jmeter.reportgenerator.sample_filter' not found, using default value 'null' instead.
2025-12-17 11:06:25,906 INFO o.a.j.r.c.ReportGeneratorConfiguration: Property 'jmeter.reportgenerator.report_title' not found, using default value 'null' instead.
2025-12-17 11:06:25,906 INFO o.a.j.r.c.ReportGeneratorConfiguration: Property 'jmeter.reportgenerator.start_date' not found, using default value 'null' instead.
2025-12-17 11:06:25,906 INFO o.a.j.r.c.ReportGeneratorConfiguration: Property 'jmeter.reportgenerator.end_date' not found, using default value 'null' instead.
2025-12-17 11:06:25,906 INFO o.a.j.r.c.ReportGeneratorConfiguration: Property 'jmeter.reportgenerator.date_format' not found, using default value 'null' instead.
2025-12-17 11:06:25,907 INFO o.a.j.r.c.ReportGeneratorConfiguration: Will use date range start date: null, end date: null
2025-12-17 11:06:25,914 INFO o.a.j.r.c.ReportGeneratorConfiguration: Property 'jmeter.reportgenerator.graph.totalTPS.exclude_controllers' not found, using default value 'false' instead.
2025-12-17 11:06:25,915 INFO o.a.j.r.c.ReportGeneratorConfiguration: Property 'jmeter.reportgenerator.graph.activeThreadsOverTime.exclude_controllers' not found, using default value 'false' instead.
2025-12-17 11:06:25,915 INFO o.a.j.r.c.ReportGeneratorConfiguration: Property 'jmeter.reportgenerator.graph.timeVsThreads.exclude_controllers' not found, using default value 'false' instead.
2025-12-17 11:06:25,915 INFO o.a.j.r.c.ReportGeneratorConfiguration: Property 'jmeter.reportgenerator.graph.responseTimeDistribution.exclude_controllers' not found, using default value 'false' instead.
2025-12-17 11:06:25,915 INFO o.a.j.r.c.ReportGeneratorConfiguration: Property 'jmeter.reportgenerator.graph.transactionsPerSecond.exclude_controllers' not found, using default value 'false' instead.
2025-12-17 11:06:25,915 INFO o.a.j.r.c.ReportGeneratorConfiguration: Property 'jmeter.reportgenerator.graph.responseTimePercentiles.exclude_controllers' not found, using default value 'false' instead.
2025-12-17 11:06:25,915 INFO o.a.j.r.c.ReportGeneratorConfiguration: Property 'jmeter.reportgenerator.graph.responseTimePercentilesOverTime.exclude_controllers' not found, using default value 'false' instead.
2025-12-17 11:06:25,916 INFO o.a.j.r.c.ReportGeneratorConfiguration: Property 'jmeter.reportgenerator.graph.responseTimesOverTime.exclude_controllers' not found, using default value 'false' instead.
2025-12-17 11:06:25,916 INFO o.a.j.r.c.ReportGeneratorConfiguration: Property 'jmeter.reportgenerator.graph.connectTimeOverTime.exclude_controllers' not found, using default value 'false' instead.
2025-12-17 11:06:25,916 INFO o.a.j.r.c.ReportGeneratorConfiguration: Property 'jmeter.reportgenerator.graph.latenciesOverTime.exclude_controllers' not found, using default value 'false' instead.
2025-12-17 11:06:25,918 INFO o.a.j.r.c.ReportGeneratorConfiguration: Property 'jmeter.reportgenerator.exporter.json.filters_only_sample_series' not found, using default value 'true' instead.
2025-12-17 11:06:25,918 INFO o.a.j.r.c.ReportGeneratorConfiguration: Property 'jmeter.reportgenerator.exporter.json.series_filter' not found, using default value '' instead.
2025-12-17 11:06:25,918 INFO o.a.j.r.c.ReportGeneratorConfiguration: Property 'jmeter.reportgenerator.exporter.json.show_controllers_only' not found, using default value 'false' instead.
2025-12-17 11:06:25,919 INFO o.a.j.r.c.ReportGeneratorConfiguration: Property 'jmeter.reportgenerator.exporter.html.filters_only_sample_series' not found, using default value 'true' instead.
2025-12-17 11:06:25,919 INFO o.a.j.r.c.ReportGeneratorConfiguration: Property 'jmeter.reportgenerator.exporter.html.series_filter' not found, using default value '' instead.
2025-12-17 11:06:25,919 INFO o.a.j.r.c.ReportGeneratorConfiguration: Property 'jmeter.reportgenerator.exporter.html.show_controllers_only' not found, using default value 'false' instead.
2025-12-17 11:06:25,936 INFO o.a.j.e.StandardJMeterEngine: Running the test!
2025-12-17 11:06:25,937 INFO o.a.j.s.SampleEvent: List of sample_variables: []
2025-12-17 11:06:25,937 INFO o.a.j.s.SampleEvent: List of sample_variables: []
2025-12-17 11:06:25,944 INFO o.a.j.e.u.CompoundVariable: Note: Function class names must contain the string: '.functions.'
2025-12-17 11:06:25,944 INFO o.a.j.e.u.CompoundVariable: Note: Function class names must not contain the string: '.gui.'
2025-12-17 11:06:26,038 INFO o.a.j.JMeter: Running test (1765991186038)
2025-12-17 11:06:26,062 INFO o.a.j.e.StandardJMeterEngine: Starting ThreadGroup: 1 : Thread Group
2025-12-17 11:06:26,062 INFO o.a.j.e.StandardJMeterEngine: Starting 100 threads for group Thread Group.
2025-12-17 11:06:26,062 INFO o.a.j.e.StandardJMeterEngine: Thread will continue on error
2025-12-17 11:06:26,062 INFO o.a.j.t.ThreadGroup: Starting thread group... number=1 threads=100 ramp-up=10 delayedStart=false
2025-12-17 11:06:26,090 INFO o.a.j.t.JMeterThread: Thread started: Thread Group 1-1
2025-12-17 11:06:26,185 INFO o.a.j.t.JMeterThread: Thread started: Thread Group 1-2
2025-12-17 11:06:26,207 INFO o.a.j.t.ThreadGroup: Started thread group number 1
2025-12-17 11:06:26,207 INFO o.a.j.e.StandardJMeterEngine: All thread groups have been started
2025-12-17 11:06:26,227 INFO o.a.j.p.h.s.HTTPHCAbstractImpl: Local host = XPS17
2025-12-17 11:06:26,237 INFO o.a.j.p.h.s.HTTPHC4Impl: HTTP request retry count = 0
2025-12-17 11:06:26,239 INFO o.a.j.s.SampleResult: Note: Sample TimeStamps are START times
2025-12-17 11:06:26,239 INFO o.a.j.s.SampleResult: sampleresult.default.encoding is set to UTF-8
2025-12-17 11:06:26,239 INFO o.a.j.s.SampleResult: sampleresult.useNanoTime=true
2025-12-17 11:06:26,239 INFO o.a.j.s.SampleResult: sampleresult.nanoThreadSleep=5000
2025-12-17 11:06:26,285 INFO o.a.j.t.JMeterThread: Thread started: Thread Group 1-3
2025-12-17 11:06:26,384 INFO o.a.j.t.JMeterThread: Thread started: Thread Group 1-4
2025-12-17 11:06:26,482 INFO o.a.j.t.JMeterThread: Thread started: Thread Group 1-5
2025-12-17 11:06:26,497 INFO o.a.j.p.h.s.h.LazyLayeredConnectionSocketFactory: Setting up HTTPS TrustAll Socket Factory
2025-12-17 11:06:26,510 INFO o.a.j.u.JsseSSLManager: Using default SSL protocol: TLS
2025-12-17 11:06:26,510 INFO o.a.j.u.JsseSSLManager: SSL session context: per-thread
2025-12-17 11:06:26,582 INFO o.a.j.t.JMeterThread: Thread started: Thread Group 1-6
2025-12-17 11:06:26,681 INFO o.a.j.t.JMeterThread: Thread started: Thread Group 1-7
2025-12-17 11:06:26,711 INFO o.a.j.u.SSLManager: JmeterKeyStore Location:  type JKS
2025-12-17 11:06:26,716 INFO o.a.j.u.SSLManager: KeyStore created OK
2025-12-17 11:06:26,716 WARN o.a.j.u.SSLManager: Keystore file not found, loading empty keystore
2025-12-17 11:06:26,780 INFO o.a.j.t.JMeterThread: Thread started: Thread Group 1-8
2025-12-17 11:06:26,877 INFO o.a.j.t.JMeterThread: Thread started: Thread Group 1-9
2025-12-17 11:06:26,977 INFO o.a.j.t.JMeterThread: Thread started: Thread Group 1-10
2025-12-17 11:06:27,075 INFO o.a.j.t.JMeterThread: Thread started: Thread Group 1-11
2025-12-17 11:06:27,173 INFO o.a.j.t.JMeterThread: Thread started: Thread Group 1-12
2025-12-17 11:06:27,272 INFO o.a.j.t.JMeterThread: Thread started: Thread Group 1-13
2025-12-17 11:06:27,373 INFO o.a.j.t.JMeterThread: Thread started: Thread Group 1-14
2025-12-17 11:06:27,470 INFO o.a.j.t.JMeterThread: Thread started: Thread Group 1-15
2025-12-17 11:06:27,568 INFO o.a.j.t.JMeterThread: Thread started: Thread Group 1-16
2025-12-17 11:06:27,667 INFO o.a.j.t.JMeterThread: Thread started: Thread Group 1-17
2025-12-17 11:06:27,768 INFO o.a.j.t.JMeterThread: Thread started: Thread Group 1-18
2025-12-17 11:06:27,866 INFO o.a.j.t.JMeterThread: Thread started: Thread Group 1-19
2025-12-17 11:06:27,965 INFO o.a.j.t.JMeterThread: Thread started: Thread Group 1-20
2025-12-17 11:06:28,064 INFO o.a.j.t.JMeterThread: Thread is done: Thread Group 1-4
2025-12-17 11:06:28,064 INFO o.a.j.t.JMeterThread: Thread is done: Thread Group 1-15
2025-12-17 11:06:28,064 INFO o.a.j.t.JMeterThread: Thread is done: Thread Group 1-13
2025-12-17 11:06:28,064 INFO o.a.j.t.JMeterThread: Thread finished: Thread Group 1-15
2025-12-17 11:06:28,064 INFO o.a.j.t.JMeterThread: Thread finished: Thread Group 1-4
2025-12-17 11:06:28,064 INFO o.a.j.t.JMeterThread: Thread finished: Thread Group 1-13
2025-12-17 11:06:28,065 INFO o.a.j.t.JMeterThread: Thread started: Thread Group 1-21
2025-12-17 11:06:28,069 INFO o.a.j.t.JMeterThread: Thread is done: Thread Group 1-12
2025-12-17 11:06:28,069 INFO o.a.j.t.JMeterThread: Thread is done: Thread Group 1-10
2025-12-17 11:06:28,069 INFO o.a.j.t.JMeterThread: Thread finished: Thread Group 1-12
2025-12-17 11:06:28,069 INFO o.a.j.t.JMeterThread: Thread finished: Thread Group 1-10
2025-12-17 11:06:28,076 INFO o.a.j.t.JMeterThread: Thread is done: Thread Group 1-7
2025-12-17 11:06:28,076 INFO o.a.j.t.JMeterThread: Thread finished: Thread Group 1-7
2025-12-17 11:06:28,076 INFO o.a.j.t.JMeterThread: Thread is done: Thread Group 1-3
2025-12-17 11:06:28,076 INFO o.a.j.t.JMeterThread: Thread is done: Thread Group 1-1
2025-12-17 11:06:28,076 INFO o.a.j.t.JMeterThread: Thread is done: Thread Group 1-11
2025-12-17 11:06:28,077 INFO o.a.j.t.JMeterThread: Thread finished: Thread Group 1-3
2025-12-17 11:06:28,077 INFO o.a.j.t.JMeterThread: Thread finished: Thread Group 1-1
2025-12-17 11:06:28,077 INFO o.a.j.t.JMeterThread: Thread finished: Thread Group 1-11
2025-12-17 11:06:28,077 INFO o.a.j.t.JMeterThread: Thread is done: Thread Group 1-5
2025-12-17 11:06:28,077 INFO o.a.j.t.JMeterThread: Thread finished: Thread Group 1-5
2025-12-17 11:06:28,079 INFO o.a.j.t.JMeterThread: Thread is done: Thread Group 1-14
2025-12-17 11:06:28,079 INFO o.a.j.t.JMeterThread: Thread finished: Thread Group 1-14
2025-12-17 11:06:28,081 INFO o.a.j.t.JMeterThread: Thread is done: Thread Group 1-6
2025-12-17 11:06:28,081 INFO o.a.j.t.JMeterThread: Thread finished: Thread Group 1-6
2025-12-17 11:06:28,083 INFO o.a.j.t.JMeterThread: Thread is done: Thread Group 1-2
2025-12-17 11:06:28,083 INFO o.a.j.t.JMeterThread: Thread finished: Thread Group 1-2
2025-12-17 11:06:28,089 INFO o.a.j.t.JMeterThread: Thread is done: Thread Group 1-9
2025-12-17 11:06:28,089 INFO o.a.j.t.JMeterThread: Thread is done: Thread Group 1-8
2025-12-17 11:06:28,089 INFO o.a.j.t.JMeterThread: Thread finished: Thread Group 1-9
2025-12-17 11:06:28,089 INFO o.a.j.t.JMeterThread: Thread finished: Thread Group 1-8
2025-12-17 11:06:28,166 INFO o.a.j.t.JMeterThread: Thread started: Thread Group 1-22
2025-12-17 11:06:28,169 INFO o.a.j.t.JMeterThread: Thread is done: Thread Group 1-16
2025-12-17 11:06:28,170 INFO o.a.j.t.JMeterThread: Thread finished: Thread Group 1-16
2025-12-17 11:06:28,237 INFO o.a.j.t.JMeterThread: Thread is done: Thread Group 1-17
2025-12-17 11:06:28,237 INFO o.a.j.t.JMeterThread: Thread finished: Thread Group 1-17
2025-12-17 11:06:28,265 INFO o.a.j.t.JMeterThread: Thread started: Thread Group 1-23
2025-12-17 11:06:28,338 INFO o.a.j.t.JMeterThread: Thread is done: Thread Group 1-18
2025-12-17 11:06:28,339 INFO o.a.j.t.JMeterThread: Thread finished: Thread Group 1-18
2025-12-17 11:06:28,367 INFO o.a.j.t.JMeterThread: Thread started: Thread Group 1-24
2025-12-17 11:06:28,434 INFO o.a.j.t.JMeterThread: Thread is done: Thread Group 1-19
2025-12-17 11:06:28,435 INFO o.a.j.t.JMeterThread: Thread finished: Thread Group 1-19
2025-12-17 11:06:28,465 INFO o.a.j.t.JMeterThread: Thread started: Thread Group 1-25
2025-12-17 11:06:28,565 INFO o.a.j.t.JMeterThread: Thread started: Thread Group 1-26
2025-12-17 11:06:28,576 INFO o.a.j.t.JMeterThread: Thread is done: Thread Group 1-20
2025-12-17 11:06:28,576 INFO o.a.j.t.JMeterThread: Thread finished: Thread Group 1-20
2025-12-17 11:06:28,639 INFO o.a.j.t.JMeterThread: Thread is done: Thread Group 1-21
2025-12-17 11:06:28,640 INFO o.a.j.t.JMeterThread: Thread finished: Thread Group 1-21
2025-12-17 11:06:28,664 INFO o.a.j.t.JMeterThread: Thread started: Thread Group 1-27
2025-12-17 11:06:28,765 INFO o.a.j.t.JMeterThread: Thread started: Thread Group 1-28
2025-12-17 11:06:28,802 INFO o.a.j.t.JMeterThread: Thread is done: Thread Group 1-22
2025-12-17 11:06:28,802 INFO o.a.j.t.JMeterThread: Thread finished: Thread Group 1-22
2025-12-17 11:06:28,864 INFO o.a.j.t.JMeterThread: Thread started: Thread Group 1-29
2025-12-17 11:06:28,919 INFO o.a.j.t.JMeterThread: Thread is done: Thread Group 1-23
2025-12-17 11:06:28,919 INFO o.a.j.t.JMeterThread: Thread finished: Thread Group 1-23
2025-12-17 11:06:28,965 INFO o.a.j.t.JMeterThread: Thread started: Thread Group 1-30
2025-12-17 11:06:29,016 INFO o.a.j.t.JMeterThread: Thread is done: Thread Group 1-24
2025-12-17 11:06:29,016 INFO o.a.j.t.JMeterThread: Thread finished: Thread Group 1-24
2025-12-17 11:06:29,064 INFO o.a.j.t.JMeterThread: Thread started: Thread Group 1-31
2025-12-17 11:06:29,098 INFO o.a.j.t.JMeterThread: Thread is done: Thread Group 1-25
2025-12-17 11:06:29,098 INFO o.a.j.t.JMeterThread: Thread finished: Thread Group 1-25
2025-12-17 11:06:29,165 INFO o.a.j.t.JMeterThread: Thread started: Thread Group 1-32
2025-12-17 11:06:29,191 INFO o.a.j.t.JMeterThread: Thread is done: Thread Group 1-26
2025-12-17 11:06:29,191 INFO o.a.j.t.JMeterThread: Thread finished: Thread Group 1-26
2025-12-17 11:06:29,265 INFO o.a.j.t.JMeterThread: Thread started: Thread Group 1-33
2025-12-17 11:06:29,331 INFO o.a.j.t.JMeterThread: Thread is done: Thread Group 1-27
2025-12-17 11:06:29,331 INFO o.a.j.t.JMeterThread: Thread finished: Thread Group 1-27
2025-12-17 11:06:29,366 INFO o.a.j.t.JMeterThread: Thread started: Thread Group 1-34
2025-12-17 11:06:29,390 INFO o.a.j.t.JMeterThread: Thread is done: Thread Group 1-28
2025-12-17 11:06:29,390 INFO o.a.j.t.JMeterThread: Thread finished: Thread Group 1-28
2025-12-17 11:06:29,466 INFO o.a.j.t.JMeterThread: Thread started: Thread Group 1-35
2025-12-17 11:06:29,473 INFO o.a.j.t.JMeterThread: Thread is done: Thread Group 1-29
2025-12-17 11:06:29,473 INFO o.a.j.t.JMeterThread: Thread finished: Thread Group 1-29
2025-12-17 11:06:29,547 INFO o.a.j.t.JMeterThread: Thread is done: Thread Group 1-30
2025-12-17 11:06:29,547 INFO o.a.j.t.JMeterThread: Thread finished: Thread Group 1-30
2025-12-17 11:06:29,564 INFO o.a.j.t.JMeterThread: Thread started: Thread Group 1-36
2025-12-17 11:06:29,665 INFO o.a.j.t.JMeterThread: Thread started: Thread Group 1-37
2025-12-17 11:06:29,672 INFO o.a.j.t.JMeterThread: Thread is done: Thread Group 1-31
2025-12-17 11:06:29,672 INFO o.a.j.t.JMeterThread: Thread finished: Thread Group 1-31
2025-12-17 11:06:29,765 INFO o.a.j.t.JMeterThread: Thread started: Thread Group 1-38
2025-12-17 11:06:29,767 INFO o.a.j.t.JMeterThread: Thread is done: Thread Group 1-32
2025-12-17 11:06:29,767 INFO o.a.j.t.JMeterThread: Thread finished: Thread Group 1-32
2025-12-17 11:06:29,865 INFO o.a.j.t.JMeterThread: Thread started: Thread Group 1-39
2025-12-17 11:06:29,964 INFO o.a.j.t.JMeterThread: Thread started: Thread Group 1-40
2025-12-17 11:06:30,015 INFO o.a.j.r.Summariser: summary +    359 in 00:00:04 =   90.4/s Avg:    88 Min:    43 Max:  1251 Err:     0 (0.00%) Active: 8 Started: 40 Finished: 32
2025-12-17 11:06:30,018 INFO o.a.j.t.JMeterThread: Thread is done: Thread Group 1-34
2025-12-17 11:06:30,018 INFO o.a.j.t.JMeterThread: Thread finished: Thread Group 1-34
2025-12-17 11:06:30,053 INFO o.a.j.t.JMeterThread: Thread is done: Thread Group 1-33
2025-12-17 11:06:30,054 INFO o.a.j.t.JMeterThread: Thread finished: Thread Group 1-33
2025-12-17 11:06:30,065 INFO o.a.j.t.JMeterThread: Thread started: Thread Group 1-41
2025-12-17 11:06:30,100 INFO o.a.j.t.JMeterThread: Thread is done: Thread Group 1-35
2025-12-17 11:06:30,101 INFO o.a.j.t.JMeterThread: Thread finished: Thread Group 1-35
2025-12-17 11:06:30,166 INFO o.a.j.t.JMeterThread: Thread started: Thread Group 1-42
2025-12-17 11:06:30,202 INFO o.a.j.t.JMeterThread: Thread is done: Thread Group 1-36
2025-12-17 11:06:30,202 INFO o.a.j.t.JMeterThread: Thread finished: Thread Group 1-36
2025-12-17 11:06:30,264 INFO o.a.j.t.JMeterThread: Thread started: Thread Group 1-43
2025-12-17 11:06:30,308 INFO o.a.j.t.JMeterThread: Thread is done: Thread Group 1-37
2025-12-17 11:06:30,309 INFO o.a.j.t.JMeterThread: Thread finished: Thread Group 1-37
2025-12-17 11:06:30,364 INFO o.a.j.t.JMeterThread: Thread started: Thread Group 1-44
2025-12-17 11:06:30,379 INFO o.a.j.t.JMeterThread: Thread is done: Thread Group 1-38
2025-12-17 11:06:30,379 INFO o.a.j.t.JMeterThread: Thread finished: Thread Group 1-38
2025-12-17 11:06:30,466 INFO o.a.j.t.JMeterThread: Thread started: Thread Group 1-45
2025-12-17 11:06:30,564 INFO o.a.j.t.JMeterThread: Thread started: Thread Group 1-46
2025-12-17 11:06:30,579 INFO o.a.j.t.JMeterThread: Thread is done: Thread Group 1-40
2025-12-17 11:06:30,579 INFO o.a.j.t.JMeterThread: Thread finished: Thread Group 1-40
2025-12-17 11:06:30,630 INFO o.a.j.t.JMeterThread: Thread is done: Thread Group 1-39
2025-12-17 11:06:30,631 INFO o.a.j.t.JMeterThread: Thread finished: Thread Group 1-39
2025-12-17 11:06:30,664 INFO o.a.j.t.JMeterThread: Thread started: Thread Group 1-47
2025-12-17 11:06:30,674 INFO o.a.j.t.JMeterThread: Thread is done: Thread Group 1-41
2025-12-17 11:06:30,675 INFO o.a.j.t.JMeterThread: Thread finished: Thread Group 1-41
2025-12-17 11:06:30,767 INFO o.a.j.t.JMeterThread: Thread started: Thread Group 1-48
2025-12-17 11:06:30,776 INFO o.a.j.t.JMeterThread: Thread is done: Thread Group 1-42
2025-12-17 11:06:30,776 INFO o.a.j.t.JMeterThread: Thread finished: Thread Group 1-42
2025-12-17 11:06:30,860 INFO o.a.j.t.JMeterThread: Thread is done: Thread Group 1-43
2025-12-17 11:06:30,860 INFO o.a.j.t.JMeterThread: Thread finished: Thread Group 1-43
2025-12-17 11:06:30,864 INFO o.a.j.t.JMeterThread: Thread started: Thread Group 1-49
2025-12-17 11:06:30,965 INFO o.a.j.t.JMeterThread: Thread started: Thread Group 1-50
2025-12-17 11:06:31,031 INFO o.a.j.t.JMeterThread: Thread is done: Thread Group 1-44
2025-12-17 11:06:31,031 INFO o.a.j.t.JMeterThread: Thread finished: Thread Group 1-44
2025-12-17 11:06:31,066 INFO o.a.j.t.JMeterThread: Thread is done: Thread Group 1-45
2025-12-17 11:06:31,066 INFO o.a.j.t.JMeterThread: Thread finished: Thread Group 1-45
2025-12-17 11:06:31,066 INFO o.a.j.t.JMeterThread: Thread started: Thread Group 1-51
2025-12-17 11:06:31,141 INFO o.a.j.t.JMeterThread: Thread is done: Thread Group 1-46
2025-12-17 11:06:31,141 INFO o.a.j.t.JMeterThread: Thread finished: Thread Group 1-46
2025-12-17 11:06:31,165 INFO o.a.j.t.JMeterThread: Thread started: Thread Group 1-52
2025-12-17 11:06:31,264 INFO o.a.j.t.JMeterThread: Thread is done: Thread Group 1-47
2025-12-17 11:06:31,264 INFO o.a.j.t.JMeterThread: Thread finished: Thread Group 1-47
2025-12-17 11:06:31,265 INFO o.a.j.t.JMeterThread: Thread started: Thread Group 1-53
2025-12-17 11:06:31,345 INFO o.a.j.t.JMeterThread: Thread is done: Thread Group 1-48
2025-12-17 11:06:31,346 INFO o.a.j.t.JMeterThread: Thread finished: Thread Group 1-48
2025-12-17 11:06:31,365 INFO o.a.j.t.JMeterThread: Thread started: Thread Group 1-54
2025-12-17 11:06:31,445 INFO o.a.j.t.JMeterThread: Thread is done: Thread Group 1-49
2025-12-17 11:06:31,445 INFO o.a.j.t.JMeterThread: Thread finished: Thread Group 1-49
2025-12-17 11:06:31,464 INFO o.a.j.t.JMeterThread: Thread started: Thread Group 1-55
2025-12-17 11:06:31,566 INFO o.a.j.t.JMeterThread: Thread started: Thread Group 1-56
2025-12-17 11:06:31,607 INFO o.a.j.t.JMeterThread: Thread is done: Thread Group 1-50
2025-12-17 11:06:31,607 INFO o.a.j.t.JMeterThread: Thread finished: Thread Group 1-50
2025-12-17 11:06:31,665 INFO o.a.j.t.JMeterThread: Thread started: Thread Group 1-57
2025-12-17 11:06:31,707 INFO o.a.j.t.JMeterThread: Thread is done: Thread Group 1-51
2025-12-17 11:06:31,708 INFO o.a.j.t.JMeterThread: Thread finished: Thread Group 1-51
2025-12-17 11:06:31,765 INFO o.a.j.t.JMeterThread: Thread started: Thread Group 1-58
2025-12-17 11:06:31,863 INFO o.a.j.t.JMeterThread: Thread is done: Thread Group 1-52
2025-12-17 11:06:31,863 INFO o.a.j.t.JMeterThread: Thread finished: Thread Group 1-52
2025-12-17 11:06:31,866 INFO o.a.j.t.JMeterThread: Thread started: Thread Group 1-59
2025-12-17 11:06:31,874 INFO o.a.j.t.JMeterThread: Thread is done: Thread Group 1-53
2025-12-17 11:06:31,875 INFO o.a.j.t.JMeterThread: Thread finished: Thread Group 1-53
2025-12-17 11:06:31,963 INFO o.a.j.t.JMeterThread: Thread started: Thread Group 1-60
2025-12-17 11:06:31,969 INFO o.a.j.t.JMeterThread: Thread is done: Thread Group 1-54
2025-12-17 11:06:31,970 INFO o.a.j.t.JMeterThread: Thread finished: Thread Group 1-54
2025-12-17 11:06:32,066 INFO o.a.j.t.JMeterThread: Thread started: Thread Group 1-61
2025-12-17 11:06:32,089 INFO o.a.j.t.JMeterThread: Thread is done: Thread Group 1-55
2025-12-17 11:06:32,089 INFO o.a.j.t.JMeterThread: Thread finished: Thread Group 1-55
2025-12-17 11:06:32,164 INFO o.a.j.t.JMeterThread: Thread is done: Thread Group 1-56
2025-12-17 11:06:32,165 INFO o.a.j.t.JMeterThread: Thread finished: Thread Group 1-56
2025-12-17 11:06:32,166 INFO o.a.j.t.JMeterThread: Thread started: Thread Group 1-62
2025-12-17 11:06:32,259 INFO o.a.j.t.JMeterThread: Thread is done: Thread Group 1-57
2025-12-17 11:06:32,259 INFO o.a.j.t.JMeterThread: Thread finished: Thread Group 1-57
2025-12-17 11:06:32,265 INFO o.a.j.t.JMeterThread: Thread started: Thread Group 1-63
2025-12-17 11:06:32,364 INFO o.a.j.t.JMeterThread: Thread started: Thread Group 1-64
2025-12-17 11:06:32,365 INFO o.a.j.t.JMeterThread: Thread is done: Thread Group 1-58
2025-12-17 11:06:32,365 INFO o.a.j.t.JMeterThread: Thread finished: Thread Group 1-58
2025-12-17 11:06:32,460 INFO o.a.j.t.JMeterThread: Thread is done: Thread Group 1-59
2025-12-17 11:06:32,460 INFO o.a.j.t.JMeterThread: Thread finished: Thread Group 1-59
2025-12-17 11:06:32,465 INFO o.a.j.t.JMeterThread: Thread started: Thread Group 1-65
2025-12-17 11:06:32,552 INFO o.a.j.t.JMeterThread: Thread is done: Thread Group 1-60
2025-12-17 11:06:32,552 INFO o.a.j.t.JMeterThread: Thread finished: Thread Group 1-60
2025-12-17 11:06:32,565 INFO o.a.j.t.JMeterThread: Thread started: Thread Group 1-66
2025-12-17 11:06:32,650 INFO o.a.j.t.JMeterThread: Thread is done: Thread Group 1-61
2025-12-17 11:06:32,650 INFO o.a.j.t.JMeterThread: Thread finished: Thread Group 1-61
2025-12-17 11:06:32,665 INFO o.a.j.t.JMeterThread: Thread started: Thread Group 1-67
2025-12-17 11:06:32,735 INFO o.a.j.t.JMeterThread: Thread is done: Thread Group 1-62
2025-12-17 11:06:32,735 INFO o.a.j.t.JMeterThread: Thread finished: Thread Group 1-62
2025-12-17 11:06:32,764 INFO o.a.j.t.JMeterThread: Thread started: Thread Group 1-68
2025-12-17 11:06:32,839 INFO o.a.j.t.JMeterThread: Thread is done: Thread Group 1-63
2025-12-17 11:06:32,839 INFO o.a.j.t.JMeterThread: Thread finished: Thread Group 1-63
2025-12-17 11:06:32,865 INFO o.a.j.t.JMeterThread: Thread started: Thread Group 1-69
2025-12-17 11:06:32,965 INFO o.a.j.t.JMeterThread: Thread started: Thread Group 1-70
2025-12-17 11:06:32,967 INFO o.a.j.t.JMeterThread: Thread is done: Thread Group 1-64
2025-12-17 11:06:32,967 INFO o.a.j.t.JMeterThread: Thread finished: Thread Group 1-64
2025-12-17 11:06:33,044 INFO o.a.j.t.JMeterThread: Thread is done: Thread Group 1-65
2025-12-17 11:06:33,044 INFO o.a.j.t.JMeterThread: Thread finished: Thread Group 1-65
2025-12-17 11:06:33,067 INFO o.a.j.t.JMeterThread: Thread started: Thread Group 1-71
2025-12-17 11:06:33,158 INFO o.a.j.t.JMeterThread: Thread is done: Thread Group 1-66
2025-12-17 11:06:33,158 INFO o.a.j.t.JMeterThread: Thread finished: Thread Group 1-66
2025-12-17 11:06:33,165 INFO o.a.j.t.JMeterThread: Thread started: Thread Group 1-72
2025-12-17 11:06:33,250 INFO o.a.j.t.JMeterThread: Thread is done: Thread Group 1-67
2025-12-17 11:06:33,250 INFO o.a.j.t.JMeterThread: Thread finished: Thread Group 1-67
2025-12-17 11:06:33,265 INFO o.a.j.t.JMeterThread: Thread started: Thread Group 1-73
2025-12-17 11:06:33,354 INFO o.a.j.t.JMeterThread: Thread is done: Thread Group 1-68
2025-12-17 11:06:33,354 INFO o.a.j.t.JMeterThread: Thread finished: Thread Group 1-68
2025-12-17 11:06:33,365 INFO o.a.j.t.JMeterThread: Thread started: Thread Group 1-74
2025-12-17 11:06:33,466 INFO o.a.j.t.JMeterThread: Thread started: Thread Group 1-75
2025-12-17 11:06:33,483 INFO o.a.j.t.JMeterThread: Thread is done: Thread Group 1-69
2025-12-17 11:06:33,483 INFO o.a.j.t.JMeterThread: Thread finished: Thread Group 1-69
2025-12-17 11:06:33,528 INFO o.a.j.t.JMeterThread: Thread is done: Thread Group 1-70
2025-12-17 11:06:33,528 INFO o.a.j.t.JMeterThread: Thread finished: Thread Group 1-70
2025-12-17 11:06:33,564 INFO o.a.j.t.JMeterThread: Thread started: Thread Group 1-76
2025-12-17 11:06:33,639 INFO o.a.j.t.JMeterThread: Thread is done: Thread Group 1-71
2025-12-17 11:06:33,639 INFO o.a.j.t.JMeterThread: Thread finished: Thread Group 1-71
2025-12-17 11:06:33,666 INFO o.a.j.t.JMeterThread: Thread started: Thread Group 1-77
2025-12-17 11:06:33,731 INFO o.a.j.t.JMeterThread: Thread is done: Thread Group 1-72
2025-12-17 11:06:33,731 INFO o.a.j.t.JMeterThread: Thread finished: Thread Group 1-72
2025-12-17 11:06:33,765 INFO o.a.j.t.JMeterThread: Thread started: Thread Group 1-78
2025-12-17 11:06:33,865 INFO o.a.j.t.JMeterThread: Thread started: Thread Group 1-79
2025-12-17 11:06:33,965 INFO o.a.j.t.JMeterThread: Thread started: Thread Group 1-80
2025-12-17 11:06:34,020 INFO o.a.j.t.JMeterThread: Thread is done: Thread Group 1-73
2025-12-17 11:06:34,021 INFO o.a.j.t.JMeterThread: Thread finished: Thread Group 1-73
2025-12-17 11:06:34,064 INFO o.a.j.t.JMeterThread: Thread started: Thread Group 1-81
2025-12-17 11:06:34,106 INFO o.a.j.t.JMeterThread: Thread is done: Thread Group 1-75
2025-12-17 11:06:34,107 INFO o.a.j.t.JMeterThread: Thread finished: Thread Group 1-75
2025-12-17 11:06:34,165 INFO o.a.j.t.JMeterThread: Thread started: Thread Group 1-82
2025-12-17 11:06:34,263 INFO o.a.j.t.JMeterThread: Thread started: Thread Group 1-83
2025-12-17 11:06:34,354 INFO o.a.j.t.JMeterThread: Thread is done: Thread Group 1-77
2025-12-17 11:06:34,354 INFO o.a.j.t.JMeterThread: Thread is done: Thread Group 1-78
2025-12-17 11:06:34,354 INFO o.a.j.t.JMeterThread: Thread finished: Thread Group 1-77
2025-12-17 11:06:34,354 INFO o.a.j.t.JMeterThread: Thread finished: Thread Group 1-78
2025-12-17 11:06:34,364 INFO o.a.j.t.JMeterThread: Thread started: Thread Group 1-84
2025-12-17 11:06:34,401 INFO o.a.j.t.JMeterThread: Thread is done: Thread Group 1-74
2025-12-17 11:06:34,401 INFO o.a.j.t.JMeterThread: Thread finished: Thread Group 1-74
2025-12-17 11:06:34,449 INFO o.a.j.t.JMeterThread: Thread is done: Thread Group 1-79
2025-12-17 11:06:34,449 INFO o.a.j.t.JMeterThread: Thread finished: Thread Group 1-79
2025-12-17 11:06:34,466 INFO o.a.j.t.JMeterThread: Thread started: Thread Group 1-85
2025-12-17 11:06:34,495 INFO o.a.j.t.JMeterThread: Thread is done: Thread Group 1-76
2025-12-17 11:06:34,495 INFO o.a.j.t.JMeterThread: Thread finished: Thread Group 1-76
2025-12-17 11:06:34,535 INFO o.a.j.t.JMeterThread: Thread is done: Thread Group 1-80
2025-12-17 11:06:34,535 INFO o.a.j.t.JMeterThread: Thread finished: Thread Group 1-80
2025-12-17 11:06:34,564 INFO o.a.j.t.JMeterThread: Thread started: Thread Group 1-86
2025-12-17 11:06:34,632 INFO o.a.j.t.JMeterThread: Thread is done: Thread Group 1-81
2025-12-17 11:06:34,632 INFO o.a.j.t.JMeterThread: Thread finished: Thread Group 1-81
2025-12-17 11:06:34,665 INFO o.a.j.t.JMeterThread: Thread started: Thread Group 1-87
2025-12-17 11:06:34,735 INFO o.a.j.t.JMeterThread: Thread is done: Thread Group 1-82
2025-12-17 11:06:34,735 INFO o.a.j.t.JMeterThread: Thread finished: Thread Group 1-82
2025-12-17 11:06:34,764 INFO o.a.j.t.JMeterThread: Thread started: Thread Group 1-88
2025-12-17 11:06:34,822 INFO o.a.j.t.JMeterThread: Thread is done: Thread Group 1-83
2025-12-17 11:06:34,822 INFO o.a.j.t.JMeterThread: Thread finished: Thread Group 1-83
2025-12-17 11:06:34,865 INFO o.a.j.t.JMeterThread: Thread started: Thread Group 1-89
2025-12-17 11:06:34,925 INFO o.a.j.t.JMeterThread: Thread is done: Thread Group 1-84
2025-12-17 11:06:34,925 INFO o.a.j.t.JMeterThread: Thread finished: Thread Group 1-84
2025-12-17 11:06:34,965 INFO o.a.j.t.JMeterThread: Thread started: Thread Group 1-90
2025-12-17 11:06:35,052 INFO o.a.j.t.JMeterThread: Thread is done: Thread Group 1-85
2025-12-17 11:06:35,053 INFO o.a.j.t.JMeterThread: Thread finished: Thread Group 1-85
2025-12-17 11:06:35,064 INFO o.a.j.t.JMeterThread: Thread started: Thread Group 1-91
2025-12-17 11:06:35,146 INFO o.a.j.t.JMeterThread: Thread is done: Thread Group 1-86
2025-12-17 11:06:35,146 INFO o.a.j.t.JMeterThread: Thread finished: Thread Group 1-86
2025-12-17 11:06:35,162 INFO o.a.j.t.JMeterThread: Thread started: Thread Group 1-92
2025-12-17 11:06:35,264 INFO o.a.j.t.JMeterThread: Thread started: Thread Group 1-93
2025-12-17 11:06:35,266 INFO o.a.j.t.JMeterThread: Thread is done: Thread Group 1-87
2025-12-17 11:06:35,266 INFO o.a.j.t.JMeterThread: Thread finished: Thread Group 1-87
2025-12-17 11:06:35,364 INFO o.a.j.t.JMeterThread: Thread started: Thread Group 1-94
2025-12-17 11:06:35,371 INFO o.a.j.t.JMeterThread: Thread is done: Thread Group 1-88
2025-12-17 11:06:35,373 INFO o.a.j.t.JMeterThread: Thread finished: Thread Group 1-88
2025-12-17 11:06:35,465 INFO o.a.j.t.JMeterThread: Thread started: Thread Group 1-95
2025-12-17 11:06:35,472 INFO o.a.j.t.JMeterThread: Thread is done: Thread Group 1-89
2025-12-17 11:06:35,472 INFO o.a.j.t.JMeterThread: Thread finished: Thread Group 1-89
2025-12-17 11:06:35,556 INFO o.a.j.t.JMeterThread: Thread is done: Thread Group 1-90
2025-12-17 11:06:35,556 INFO o.a.j.t.JMeterThread: Thread finished: Thread Group 1-90
2025-12-17 11:06:35,564 INFO o.a.j.t.JMeterThread: Thread started: Thread Group 1-96
2025-12-17 11:06:35,652 INFO o.a.j.t.JMeterThread: Thread is done: Thread Group 1-91
2025-12-17 11:06:35,653 INFO o.a.j.t.JMeterThread: Thread finished: Thread Group 1-91
2025-12-17 11:06:35,664 INFO o.a.j.t.JMeterThread: Thread started: Thread Group 1-97
2025-12-17 11:06:35,759 INFO o.a.j.t.JMeterThread: Thread is done: Thread Group 1-92
2025-12-17 11:06:35,760 INFO o.a.j.t.JMeterThread: Thread finished: Thread Group 1-92
2025-12-17 11:06:35,764 INFO o.a.j.t.JMeterThread: Thread started: Thread Group 1-98
2025-12-17 11:06:35,853 INFO o.a.j.t.JMeterThread: Thread is done: Thread Group 1-93
2025-12-17 11:06:35,853 INFO o.a.j.t.JMeterThread: Thread finished: Thread Group 1-93
2025-12-17 11:06:35,864 INFO o.a.j.t.JMeterThread: Thread started: Thread Group 1-99
2025-12-17 11:06:35,963 INFO o.a.j.t.JMeterThread: Thread started: Thread Group 1-100
2025-12-17 11:06:36,001 INFO o.a.j.t.JMeterThread: Thread is done: Thread Group 1-94
2025-12-17 11:06:36,001 INFO o.a.j.t.JMeterThread: Thread finished: Thread Group 1-94
2025-12-17 11:06:36,155 INFO o.a.j.t.JMeterThread: Thread is done: Thread Group 1-96
2025-12-17 11:06:36,155 INFO o.a.j.t.JMeterThread: Thread finished: Thread Group 1-96
2025-12-17 11:06:36,246 INFO o.a.j.t.JMeterThread: Thread is done: Thread Group 1-97
2025-12-17 11:06:36,247 INFO o.a.j.t.JMeterThread: Thread finished: Thread Group 1-97
2025-12-17 11:06:36,346 INFO o.a.j.t.JMeterThread: Thread is done: Thread Group 1-95
2025-12-17 11:06:36,346 INFO o.a.j.t.JMeterThread: Thread finished: Thread Group 1-95
2025-12-17 11:06:36,358 INFO o.a.j.t.JMeterThread: Thread is done: Thread Group 1-98
2025-12-17 11:06:36,359 INFO o.a.j.t.JMeterThread: Thread finished: Thread Group 1-98
2025-12-17 11:06:36,509 INFO o.a.j.t.JMeterThread: Thread is done: Thread Group 1-99
2025-12-17 11:06:36,511 INFO o.a.j.t.JMeterThread: Thread finished: Thread Group 1-99
2025-12-17 11:06:36,979 INFO o.a.j.t.JMeterThread: Thread is done: Thread Group 1-100
2025-12-17 11:06:36,979 INFO o.a.j.t.JMeterThread: Thread finished: Thread Group 1-100
2025-12-17 11:06:36,980 INFO o.a.j.e.StandardJMeterEngine: Notifying test listeners of end of test
2025-12-17 11:06:36,983 INFO o.a.j.r.Summariser: summary +    641 in 00:00:07 =   91.9/s Avg:    61 Min:    44 Max:   563 Err:     0 (0.00%) Active: 0 Started: 100 Finished: 100
2025-12-17 11:06:36,984 INFO o.a.j.r.Summariser: summary =   1000 in 00:00:11 =   91.4/s Avg:    71 Min:    43 Max:  1251 Err:     0 (0.00%)
2025-12-17 11:06:36,986 INFO o.a.j.JMeter: Generating Dashboard
2025-12-17 11:06:36,986 INFO o.a.j.r.d.ReportGenerator: Flushing result collector before report Generation
2025-12-17 11:06:37,091 INFO o.a.j.r.p.NormalizerSampleConsumer: Using format, 'ms', to parse timeStamp field
2025-12-17 11:06:37,283 INFO o.a.j.r.p.AbstractSampleConsumer: class org.apache.jmeter.report.processor.AggregateConsumer#stopProducing(): beginDate produced 0 samples
2025-12-17 11:06:37,283 INFO o.a.j.r.p.AbstractSampleConsumer: class org.apache.jmeter.report.processor.AggregateConsumer#stopProducing(): endDate produced 0 samples
2025-12-17 11:06:37,299 INFO o.a.j.r.p.AbstractSampleConsumer: class org.apache.jmeter.report.processor.ApdexSummaryConsumer#stopProducing(): apdexSummary produced 0 samples
2025-12-17 11:06:37,299 INFO o.a.j.r.p.AbstractSampleConsumer: class org.apache.jmeter.report.processor.RequestsSummaryConsumer#stopProducing(): requestsSummary produced 0 samples
2025-12-17 11:06:37,317 INFO o.a.j.r.p.AbstractSampleConsumer: class org.apache.jmeter.report.processor.StatisticsSummaryConsumer#stopProducing(): statisticsSummary produced 0 samples
2025-12-17 11:06:37,322 INFO o.a.j.r.p.AbstractSampleConsumer: class org.apache.jmeter.report.processor.Top5ErrorsBySamplerConsumer#stopProducing(): top5ErrorsBySampler produced 0 samples
2025-12-17 11:06:37,322 INFO o.a.j.r.p.AbstractSampleConsumer: class org.apache.jmeter.report.processor.ErrorsSummaryConsumer#stopProducing(): errorsSummary produced 0 samples
2025-12-17 11:06:37,322 INFO o.a.j.r.p.AbstractSampleConsumer: class org.apache.jmeter.report.processor.graph.impl.HitsPerSecondGraphConsumer#stopProducing(): hitsPerSecond produced 0 samples
2025-12-17 11:06:37,445 INFO o.a.j.r.p.AbstractSampleConsumer: class org.apache.jmeter.report.processor.graph.impl.LatencyVSRequestGraphConsumer#stopProducing(): latencyVsRequest produced 0 samples
2025-12-17 11:06:37,446 INFO o.a.j.r.p.AbstractSampleConsumer: class org.apache.jmeter.report.processor.graph.impl.SyntheticResponseTimeDistributionGraphConsumer#stopProducing(): syntheticResponseTimeDistribution produced 0 samples
2025-12-17 11:06:37,446 INFO o.a.j.r.p.AbstractSampleConsumer: class org.apache.jmeter.report.processor.graph.impl.BytesThroughputGraphConsumer#stopProducing(): bytesThroughputOverTime produced 0 samples
2025-12-17 11:06:37,446 INFO o.a.j.r.p.AbstractSampleConsumer: class org.apache.jmeter.report.processor.graph.impl.CodesPerSecondGraphConsumer#stopProducing(): codesPerSecond produced 0 samples
2025-12-17 11:06:37,521 INFO o.a.j.r.p.AbstractSampleConsumer: class org.apache.jmeter.report.processor.graph.impl.ResponseTimeVSRequestGraphConsumer#stopProducing(): responseTimeVsRequest produced 0 samples
2025-12-17 11:06:37,521 INFO o.a.j.r.p.AbstractSampleConsumer: class org.apache.jmeter.report.processor.FilterConsumer#stopProducing(): startIntervalControlerFilter produced 7000 samples
2025-12-17 11:06:37,521 INFO o.a.j.r.p.AbstractSampleConsumer: class org.apache.jmeter.report.processor.graph.impl.TotalTPSGraphConsumer#stopProducing(): totalTPS produced 0 samples
2025-12-17 11:06:37,521 INFO o.a.j.r.p.AbstractSampleConsumer: class org.apache.jmeter.report.processor.graph.impl.ActiveThreadsGraphConsumer#stopProducing(): activeThreadsOverTime produced 0 samples
2025-12-17 11:06:37,521 INFO o.a.j.r.p.AbstractSampleConsumer: class org.apache.jmeter.report.processor.graph.impl.TimeVSThreadGraphConsumer#stopProducing(): timeVsThreads produced 0 samples
2025-12-17 11:06:37,523 INFO o.a.j.r.p.AbstractSampleConsumer: class org.apache.jmeter.report.processor.graph.impl.ResponseTimeDistributionGraphConsumer#stopProducing(): responseTimeDistribution produced 0 samples
2025-12-17 11:06:37,523 INFO o.a.j.r.p.AbstractSampleConsumer: class org.apache.jmeter.report.processor.graph.impl.TransactionsPerSecondGraphConsumer#stopProducing(): transactionsPerSecond produced 0 samples
2025-12-17 11:06:37,523 INFO o.a.j.r.p.AbstractSampleConsumer: class org.apache.jmeter.report.processor.graph.impl.ResponseTimePercentilesGraphConsumer#stopProducing(): responseTimePercentiles produced 0 samples
2025-12-17 11:06:37,524 INFO o.a.j.r.p.AbstractSampleConsumer: class org.apache.jmeter.report.processor.graph.impl.ResponseTimePercentilesOverTimeGraphConsumer#stopProducing(): responseTimePercentilesOverTime produced 0 samples
2025-12-17 11:06:37,525 INFO o.a.j.r.p.AbstractSampleConsumer: class org.apache.jmeter.report.processor.graph.impl.ResponseTimeOverTimeGraphConsumer#stopProducing(): responseTimesOverTime produced 0 samples
2025-12-17 11:06:37,525 INFO o.a.j.r.p.AbstractSampleConsumer: class org.apache.jmeter.report.processor.graph.impl.ConnectTimeOverTimeGraphConsumer#stopProducing(): connectTimeOverTime produced 0 samples
2025-12-17 11:06:37,525 INFO o.a.j.r.p.AbstractSampleConsumer: class org.apache.jmeter.report.processor.graph.impl.LatencyOverTimeGraphConsumer#stopProducing(): latenciesOverTime produced 0 samples
2025-12-17 11:06:37,525 INFO o.a.j.r.p.AbstractSampleConsumer: class org.apache.jmeter.report.processor.FilterConsumer#stopProducing(): nameFilter produced 15000 samples
2025-12-17 11:06:37,525 INFO o.a.j.r.p.AbstractSampleConsumer: class org.apache.jmeter.report.processor.FilterConsumer#stopProducing(): dateRangeFilter produced 3000 samples
2025-12-17 11:06:37,525 INFO o.a.j.r.p.AbstractSampleConsumer: class org.apache.jmeter.report.processor.NormalizerSampleConsumer#stopProducing(): normalizer produced 1000 samples
2025-12-17 11:06:37,527 INFO o.a.j.r.p.CsvFileSampleSource: produce(): 1000 samples produced in 389ms on channel 0
2025-12-17 11:06:37,527 INFO o.a.j.r.d.ReportGenerator: Exporting data using exporter:'json' of className:'org.apache.jmeter.report.dashboard.JsonExporter'
2025-12-17 11:06:37,616 INFO o.a.j.r.d.JsonExporter: Found data for consumer statisticsSummary in context
2025-12-17 11:06:37,616 INFO o.a.j.r.d.JsonExporter: Creating statistics for overall
2025-12-17 11:06:37,616 INFO o.a.j.r.d.JsonExporter: Creating statistics for other transactions
2025-12-17 11:06:37,616 INFO o.a.j.r.d.JsonExporter: Checking output folder
2025-12-17 11:06:37,617 INFO o.a.j.r.d.JsonExporter: Writing statistics JSON to D:\Documents\Revature\Training\SunniRepo\week7\wednesday\jmeter_demo\.\html_report\statistics.json
2025-12-17 11:06:37,683 INFO o.a.j.r.d.ReportGenerator: Exporting data using exporter:'html' of className:'org.apache.jmeter.report.dashboard.HtmlTemplateExporter'
2025-12-17 11:06:37,688 INFO o.a.j.r.d.HtmlTemplateExporter: Will generate dashboard in folder: D:\Documents\Revature\Training\SunniRepo\week7\wednesday\jmeter_demo\.\html_report
2025-12-17 11:06:37,833 INFO o.a.j.r.d.HtmlTemplateExporter: Report will be generated in: D:\Documents\Revature\Training\SunniRepo\week7\wednesday\jmeter_demo\.\html_report, creating folder structure
2025-12-17 11:06:37,836 INFO o.a.j.r.d.TemplateVisitor: Copying folder from 'C:\Program Files\JMeter\apache-jmeter-5.6.3\bin\report-template' to 'D:\Documents\Revature\Training\SunniRepo\week7\wednesday\jmeter_demo\.\html_report', got message: D:\Documents\Revature\Training\SunniRepo\week7\wednesday\jmeter_demo\.\html_report, found non empty folder with following content [D:\Documents\Revature\Training\SunniRepo\week7\wednesday\jmeter_demo\.\html_report\statistics.json], will be ignored
2025-12-17 11:06:38,243 INFO o.a.j.JMeter: Dashboard generated
